// Jest Snapshot v1, https://goo.gl/fbAQLP

exports[`test unindent: base 1`] = `
"if (a) {
  b()
}"
`;

exports[`test unindent: indent deep 1`] = `
"    if (a) {
    b()
}"
`;

exports[`test unindent: multi-start and end 1`] = `
"    if (a) {
  b()
}"
`;

exports[`test unindent: no start or end 1`] = `
"if (a) {
    b()
  }"
`;

exports[`test unindent: with leading indent 1`] = `
"    if (a) {
  b()
}"
`;
